
   FAIL  Tests\Feature\SubscriptionPaymentTest
  Γ¿» monthly subscription creation with null payment intent
  ΓöÇΓöÇΓöÇΓöÇΓöÇΓöÇΓöÇΓöÇΓöÇΓöÇΓöÇΓöÇΓöÇΓöÇΓöÇΓöÇΓöÇ  
   FAILED  Tests\Feature\SubscriptionPaymentTest > monthly subscription creation with null payment intent  QueryException   
  SQLSTATE[HY000]: General error: 1 no such table: subscriptions (Connection: sqlite, Database: :memory:, SQL: alter table "subscriptions" add column "package_id" integer not null)

  at vendor\laravel\framework\src\Illuminate\Database\Connection.php:578
    574Γûò             if ($this->pretending()) {
    575Γûò                 return true;
    576Γûò             }
    577Γûò 
  Γ₧£ 578Γûò             $statement = $this->getPdo()->prepare($query);
    579Γûò 
    580Γûò             $this->bindValues($statement, $this->prepareBindings($bindings));
    581Γûò 
    582Γûò             $this->recordsHaveBeenModified();

  1   vendor\laravel\framework\src\Illuminate\Database\Connection.php:578
  2   vendor\laravel\framework\src\Illuminate\Database\Connection.php:827


  Tests:    1 failed (0 assertions)
  Duration: 0.63s

